// Jest Snapshot v1, https://goo.gl/fbAQLP

exports[`Ejercicio 4 - La View de Home 1) Renderiza 1`] = `
<DocumentFragment>
  <h2>
    Hello World
  </h2>
</DocumentFragment>
`;
